▲ Next.js 16.3.2 (Turbopack)
- Environments: .env
⚠ Warning: Next.js ignored package-lock.json in C:\Users\iasdn because it is outside the current Git repository (C:\Users\iasdn\Documents\tino).
 To use this directory, set `turbopack.root` in your Next.js config.

✓ Running next.config.mjs took 22ms

  Creating an optimized production build ...
✓ Compiled successfully in 5.0s
  Running TypeScript ...
  Finished TypeScript in 5.3s ...
  Collecting page data using 11 workers ...
  Generating static pages using 11 workers (0/60) ...
  Generating static pages using 11 workers (15/60) 
  Generating static pages using 11 workers (30/60) 
  Generating static pages using 11 workers (45/60) 
✓ Generating static pages using 11 workers (60/60) in 775ms
  Finalizing page optimization ...

Route (app)
┌ ƒ /
├ ○ /_not-found
├ ƒ /admin
├ ƒ /admin/configuracoes
├ ƒ /admin/contas
├ ƒ /admin/pagamentos
├ ƒ /admin/suporte
├ ƒ /analise
├ ƒ /api/admin/chamados/[id]
├ ƒ /api/admin/parametros
├ ƒ /api/assinatura
├ ƒ /api/auth/cadastro
├ ƒ /api/auth/login
├ ƒ /api/auth/logout
├ ƒ /api/cambio
├ ƒ /api/capturar
├ ƒ /api/capturas
├ ƒ /api/capturas/rapida
├ ƒ /api/cartoes/[id]/orcamento
├ ƒ /api/categorias
├ ƒ /api/categorias/[id]
├ ƒ /api/contas
├ ƒ /api/contas/[id]
├ ƒ /api/cotacoes
├ ƒ /api/dividas
├ ƒ /api/emprestimos
├ ƒ /api/faturas-email
├ ƒ /api/faturas-email/[id]
├ ƒ /api/identidades
├ ƒ /api/importar
├ ƒ /api/investir
├ ƒ /api/loja
├ ƒ /api/loja/caixa
├ ƒ /api/loja/contas
├ ƒ /api/loja/demonstrativo
├ ƒ /api/loja/estoque
├ ƒ /api/loja/fiado
├ ƒ /api/loja/funcionario
├ ƒ /api/loja/funcionario/[id]
├ ƒ /api/loja/ncm
├ ƒ /api/loja/produtos
├ ƒ /api/loja/produtos/[id]
├ ƒ /api/loja/vendas
├ ƒ /api/loja/vendas/[id]/nota-fiscal
├ ƒ /api/mei
├ ƒ /api/metas
├ ƒ /api/metas/[id]
├ ƒ /api/onboarding
├ ƒ /api/open-finance
├ ƒ /api/open-finance/callback
├ ƒ /api/openfinance
├ ƒ /api/orcamento
├ ƒ /api/panorama
├ ƒ /api/parcelamentos
├ ƒ /api/parcelamentos/[id]
├ ƒ /api/plano-pagamento
├ ƒ /api/recorrencias
├ ƒ /api/regras
├ ƒ /api/reserva
├ ƒ /api/simulador
├ ƒ /api/suporte
├ ƒ /api/telegram/webhook
├ ƒ /api/tino/alertas
├ ƒ /api/tino/chat
├ ƒ /api/transacoes
├ ƒ /api/transacoes/[id]
├ ƒ /api/usuario
├ ƒ /api/vigias
├ ƒ /api/webhooks/faturas-email
├ ƒ /api/webhooks/mercadopago
├ ƒ /api/webhooks/stripe
├ ƒ /api/whatsapp/webhook
├ ƒ /assinatura
├ ƒ /bem-vindo
├ ○ /cadastro
├ ƒ /capturas
├ ƒ /cartoes
├ ƒ /categorias
├ ƒ /compartilhar
├ ƒ /conectar
├ ƒ /configuracoes
├ ƒ /dividas
├ ƒ /emprestimos
├ ƒ /importar
├ ƒ /investir
├ ○ /login
├ ƒ /loja
├ ƒ /loja/contas
├ ƒ /loja/estoque
├ ƒ /loja/fiado
├ ƒ /loja/financas
├ ƒ /mei
├ ƒ /metas
├ ƒ /orcamento
├ ƒ /painel
├ ƒ /parcelamentos
├ ƒ /plano
├ ƒ /projecao
├ ƒ /recorrencias
├ ƒ /regras
├ ƒ /reserva
├ ƒ /simulador
└ ƒ /transacoes


ƒ Proxy (Middleware)

○  (Static)   prerendered as static content
ƒ  (Dynamic)  server-rendered on demand

